

================================================================
== Vivado HLS Report for 'matrixmul'
================================================================
* Date:           Fri Dec 25 09:50:51 2020

* Version:        2019.2 (Build 2704478 on Wed Nov 06 22:10:23 MST 2019)
* Project:        matrix_multiplication
* Solution:       pipeline_arraypartition
* Product family: zynq
* Target device:  xc7z020-clg484-1


================================================================
== Performance Estimates
================================================================
+ Timing: 
    * Summary: 
    +--------+----------+----------+------------+
    |  Clock |  Target  | Estimated| Uncertainty|
    +--------+----------+----------+------------+
    |ap_clk  | 10.00 ns | 8.742 ns |   1.25 ns  |
    +--------+----------+----------+------------+

+ Latency: 
    * Summary: 
    +---------+---------+-----------+-----------+------+------+---------+
    |  Latency (cycles) |   Latency (absolute)  |   Interval  | Pipeline|
    |   min   |   max   |    min    |    max    |  min |  max |   Type  |
    +---------+---------+-----------+-----------+------+------+---------+
    |     1030|     1030| 10.300 us | 10.300 us |  1030|  1030|   none  |
    +---------+---------+-----------+-----------+------+------+---------+

    + Detail: 
        * Instance: 
        N/A

        * Loop: 
        +-----------+---------+---------+----------+-----------+-----------+------+----------+
        |           |  Latency (cycles) | Iteration|  Initiation Interval  | Trip |          |
        | Loop Name |   min   |   max   |  Latency |  achieved |   target  | Count| Pipelined|
        +-----------+---------+---------+----------+-----------+-----------+------+----------+
        |- row_col  |     1028|     1028|         6|          1|          1|  1024|    yes   |
        +-----------+---------+---------+----------+-----------+-----------+------+----------+



================================================================
== Utilization Estimates
================================================================
* Summary: 
+-----------------+---------+-------+--------+-------+-----+
|       Name      | BRAM_18K| DSP48E|   FF   |  LUT  | URAM|
+-----------------+---------+-------+--------+-------+-----+
|DSP              |        -|      -|       -|      -|    -|
|Expression       |        -|     96|       0|   1804|    -|
|FIFO             |        -|      -|       -|      -|    -|
|Instance         |        -|      -|       -|      -|    -|
|Memory           |        -|      -|       -|      -|    -|
|Multiplexer      |        -|      -|       -|     75|    -|
|Register         |        0|      -|    3641|     96|    -|
+-----------------+---------+-------+--------+-------+-----+
|Total            |        0|     96|    3641|   1975|    0|
+-----------------+---------+-------+--------+-------+-----+
|Available        |      280|    220|  106400|  53200|    0|
+-----------------+---------+-------+--------+-------+-----+
|Utilization (%)  |        0|     43|       3|      3|    0|
+-----------------+---------+-------+--------+-------+-----+

+ Detail: 
    * Instance: 
    N/A

    * DSP48E: 
    N/A

    * Memory: 
    N/A

    * FIFO: 
    N/A

    * Expression: 
    +--------------------------+----------+-------+---+----+------------+------------+
    |       Variable Name      | Operation| DSP48E| FF| LUT| Bitwidth P0| Bitwidth P1|
    +--------------------------+----------+-------+---+----+------------+------------+
    |mul_ln19_10_fu_1236_p2    |     *    |      3|  0|  20|          32|          32|
    |mul_ln19_11_fu_1240_p2    |     *    |      3|  0|  20|          32|          32|
    |mul_ln19_12_fu_1244_p2    |     *    |      3|  0|  20|          32|          32|
    |mul_ln19_13_fu_1248_p2    |     *    |      3|  0|  20|          32|          32|
    |mul_ln19_14_fu_1148_p2    |     *    |      3|  0|  20|          32|          32|
    |mul_ln19_15_fu_1152_p2    |     *    |      3|  0|  20|          32|          32|
    |mul_ln19_16_fu_1252_p2    |     *    |      3|  0|  20|          32|          32|
    |mul_ln19_17_fu_1256_p2    |     *    |      3|  0|  20|          32|          32|
    |mul_ln19_18_fu_1156_p2    |     *    |      3|  0|  20|          32|          32|
    |mul_ln19_19_fu_1160_p2    |     *    |      3|  0|  20|          32|          32|
    |mul_ln19_1_fu_1208_p2     |     *    |      3|  0|  20|          32|          32|
    |mul_ln19_20_fu_1260_p2    |     *    |      3|  0|  20|          32|          32|
    |mul_ln19_21_fu_1264_p2    |     *    |      3|  0|  20|          32|          32|
    |mul_ln19_22_fu_1164_p2    |     *    |      3|  0|  20|          32|          32|
    |mul_ln19_23_fu_1168_p2    |     *    |      3|  0|  20|          32|          32|
    |mul_ln19_24_fu_1172_p2    |     *    |      3|  0|  20|          32|          32|
    |mul_ln19_25_fu_1176_p2    |     *    |      3|  0|  20|          32|          32|
    |mul_ln19_26_fu_1180_p2    |     *    |      3|  0|  20|          32|          32|
    |mul_ln19_27_fu_1184_p2    |     *    |      3|  0|  20|          32|          32|
    |mul_ln19_28_fu_1188_p2    |     *    |      3|  0|  20|          32|          32|
    |mul_ln19_29_fu_1192_p2    |     *    |      3|  0|  20|          32|          32|
    |mul_ln19_2_fu_1212_p2     |     *    |      3|  0|  20|          32|          32|
    |mul_ln19_30_fu_1196_p2    |     *    |      3|  0|  20|          32|          32|
    |mul_ln19_31_fu_1200_p2    |     *    |      3|  0|  20|          32|          32|
    |mul_ln19_3_fu_1216_p2     |     *    |      3|  0|  20|          32|          32|
    |mul_ln19_4_fu_1220_p2     |     *    |      3|  0|  20|          32|          32|
    |mul_ln19_5_fu_1224_p2     |     *    |      3|  0|  20|          32|          32|
    |mul_ln19_6_fu_1140_p2     |     *    |      3|  0|  20|          32|          32|
    |mul_ln19_7_fu_1144_p2     |     *    |      3|  0|  20|          32|          32|
    |mul_ln19_8_fu_1228_p2     |     *    |      3|  0|  20|          32|          32|
    |mul_ln19_9_fu_1232_p2     |     *    |      3|  0|  20|          32|          32|
    |mul_ln19_fu_1204_p2       |     *    |      3|  0|  20|          32|          32|
    |AB_d0                     |     +    |      0|  0|  32|          32|          32|
    |add_ln12_fu_1060_p2       |     +    |      0|  0|  13|          11|           1|
    |add_ln19_10_fu_1349_p2    |     +    |      0|  0|  32|          32|          32|
    |add_ln19_11_fu_1272_p2    |     +    |      0|  0|  39|          32|          32|
    |add_ln19_12_fu_1353_p2    |     +    |      0|  0|  32|          32|          32|
    |add_ln19_13_fu_1358_p2    |     +    |      0|  0|  32|          32|          32|
    |add_ln19_14_fu_1428_p2    |     +    |      0|  0|  32|          32|          32|
    |add_ln19_15_fu_1364_p2    |     +    |      0|  0|  32|          32|          32|
    |add_ln19_16_fu_1276_p2    |     +    |      0|  0|  39|          32|          32|
    |add_ln19_17_fu_1368_p2    |     +    |      0|  0|  32|          32|          32|
    |add_ln19_18_fu_1373_p2    |     +    |      0|  0|  32|          32|          32|
    |add_ln19_19_fu_1280_p2    |     +    |      0|  0|  39|          32|          32|
    |add_ln19_1_fu_1310_p2     |     +    |      0|  0|  39|          32|          32|
    |add_ln19_20_fu_1377_p2    |     +    |      0|  0|  32|          32|          32|
    |add_ln19_21_fu_1382_p2    |     +    |      0|  0|  32|          32|          32|
    |add_ln19_22_fu_1284_p2    |     +    |      0|  0|  39|          32|          32|
    |add_ln19_23_fu_1288_p2    |     +    |      0|  0|  39|          32|          32|
    |add_ln19_24_fu_1388_p2    |     +    |      0|  0|  32|          32|          32|
    |add_ln19_25_fu_1292_p2    |     +    |      0|  0|  32|          32|          32|
    |add_ln19_26_fu_1296_p2    |     +    |      0|  0|  39|          32|          32|
    |add_ln19_27_fu_1300_p2    |     +    |      0|  0|  32|          32|          32|
    |add_ln19_28_fu_1392_p2    |     +    |      0|  0|  32|          32|          32|
    |add_ln19_29_fu_1397_p2    |     +    |      0|  0|  32|          32|          32|
    |add_ln19_2_fu_1314_p2     |     +    |      0|  0|  32|          32|          32|
    |add_ln19_3_fu_1320_p2     |     +    |      0|  0|  32|          32|          32|
    |add_ln19_4_fu_1268_p2     |     +    |      0|  0|  39|          32|          32|
    |add_ln19_5_fu_1324_p2     |     +    |      0|  0|  32|          32|          32|
    |add_ln19_6_fu_1329_p2     |     +    |      0|  0|  32|          32|          32|
    |add_ln19_7_fu_1335_p2     |     +    |      0|  0|  39|          32|          32|
    |add_ln19_8_fu_1339_p2     |     +    |      0|  0|  39|          32|          32|
    |add_ln19_9_fu_1343_p2     |     +    |      0|  0|  32|          32|          32|
    |add_ln19_fu_1306_p2       |     +    |      0|  0|  39|          32|          32|
    |add_ln21_fu_1417_p2       |     +    |      0|  0|  12|          12|          12|
    |i_fu_1066_p2              |     +    |      0|  0|  15|           6|           1|
    |j_fu_1134_p2              |     +    |      0|  0|  15|           6|           1|
    |icmp_ln12_fu_1054_p2      |   icmp   |      0|  0|  13|          11|          12|
    |icmp_ln14_fu_1072_p2      |   icmp   |      0|  0|  11|           6|           7|
    |select_ln19_1_fu_1086_p3  |  select  |      0|  0|   6|           1|           6|
    |select_ln19_fu_1078_p3    |  select  |      0|  0|   6|           1|           1|
    |ap_enable_pp0             |    xor   |      0|  0|   2|           1|           2|
    |ap_enable_reg_pp0_iter1   |    xor   |      0|  0|   2|           2|           1|
    +--------------------------+----------+-------+---+----+------------+------------+
    |Total                     |          |     96|  0|1804|        2073|        2060|
    +--------------------------+----------+-------+---+----+------------+------------+

    * Multiplexer: 
    +-------------------------------+----+-----------+-----+-----------+
    |              Name             | LUT| Input Size| Bits| Total Bits|
    +-------------------------------+----+-----------+-----+-----------+
    |ap_NS_fsm                      |  21|          4|    1|          4|
    |ap_enable_reg_pp0_iter1        |   9|          2|    1|          2|
    |ap_enable_reg_pp0_iter5        |   9|          2|    1|          2|
    |ap_phi_mux_i_0_phi_fu_1036_p4  |   9|          2|    6|         12|
    |i_0_reg_1032                   |   9|          2|    6|         12|
    |indvar_flatten_reg_1021        |   9|          2|   11|         22|
    |j_0_reg_1043                   |   9|          2|    6|         12|
    +-------------------------------+----+-----------+-----+-----------+
    |Total                          |  75|         16|   32|         66|
    +-------------------------------+----+-----------+-----+-----------+

    * Register: 
    +-------------------------+----+----+-----+-----------+
    |           Name          | FF | LUT| Bits| Const Bits|
    +-------------------------+----+----+-----+-----------+
    |A_0_load_reg_1983        |  32|   0|   32|          0|
    |A_10_load_reg_2073       |  32|   0|   32|          0|
    |A_11_load_reg_2083       |  32|   0|   32|          0|
    |A_12_load_reg_2093       |  32|   0|   32|          0|
    |A_13_load_reg_2103       |  32|   0|   32|          0|
    |A_14_load_reg_1803       |  32|   0|   32|          0|
    |A_15_load_reg_1813       |  32|   0|   32|          0|
    |A_16_load_reg_2123       |  32|   0|   32|          0|
    |A_17_load_reg_2133       |  32|   0|   32|          0|
    |A_18_load_reg_1843       |  32|   0|   32|          0|
    |A_19_load_reg_1853       |  32|   0|   32|          0|
    |A_1_load_reg_1993        |  32|   0|   32|          0|
    |A_20_load_reg_2153       |  32|   0|   32|          0|
    |A_21_load_reg_2163       |  32|   0|   32|          0|
    |A_22_load_reg_1883       |  32|   0|   32|          0|
    |A_23_load_reg_1893       |  32|   0|   32|          0|
    |A_24_load_reg_1903       |  32|   0|   32|          0|
    |A_25_load_reg_1913       |  32|   0|   32|          0|
    |A_26_load_reg_1923       |  32|   0|   32|          0|
    |A_27_load_reg_1933       |  32|   0|   32|          0|
    |A_28_load_reg_1943       |  32|   0|   32|          0|
    |A_29_load_reg_1953       |  32|   0|   32|          0|
    |A_2_load_reg_2003        |  32|   0|   32|          0|
    |A_30_load_reg_1963       |  32|   0|   32|          0|
    |A_31_load_reg_1973       |  32|   0|   32|          0|
    |A_3_load_reg_2013        |  32|   0|   32|          0|
    |A_4_load_reg_2023        |  32|   0|   32|          0|
    |A_5_load_reg_2033        |  32|   0|   32|          0|
    |A_6_load_reg_1723        |  32|   0|   32|          0|
    |A_7_load_reg_1733        |  32|   0|   32|          0|
    |A_8_load_reg_2053        |  32|   0|   32|          0|
    |A_9_load_reg_2063        |  32|   0|   32|          0|
    |B_0_load_reg_1988        |  32|   0|   32|          0|
    |B_10_load_reg_2078       |  32|   0|   32|          0|
    |B_11_load_reg_2088       |  32|   0|   32|          0|
    |B_12_load_reg_2098       |  32|   0|   32|          0|
    |B_13_load_reg_2108       |  32|   0|   32|          0|
    |B_14_load_reg_1808       |  32|   0|   32|          0|
    |B_15_load_reg_1818       |  32|   0|   32|          0|
    |B_16_load_reg_2128       |  32|   0|   32|          0|
    |B_17_load_reg_2138       |  32|   0|   32|          0|
    |B_18_load_reg_1848       |  32|   0|   32|          0|
    |B_19_load_reg_1858       |  32|   0|   32|          0|
    |B_1_load_reg_1998        |  32|   0|   32|          0|
    |B_20_load_reg_2158       |  32|   0|   32|          0|
    |B_21_load_reg_2168       |  32|   0|   32|          0|
    |B_22_load_reg_1888       |  32|   0|   32|          0|
    |B_23_load_reg_1898       |  32|   0|   32|          0|
    |B_24_load_reg_1908       |  32|   0|   32|          0|
    |B_25_load_reg_1918       |  32|   0|   32|          0|
    |B_26_load_reg_1928       |  32|   0|   32|          0|
    |B_27_load_reg_1938       |  32|   0|   32|          0|
    |B_28_load_reg_1948       |  32|   0|   32|          0|
    |B_29_load_reg_1958       |  32|   0|   32|          0|
    |B_2_load_reg_2008        |  32|   0|   32|          0|
    |B_30_load_reg_1968       |  32|   0|   32|          0|
    |B_31_load_reg_1978       |  32|   0|   32|          0|
    |B_3_load_reg_2018        |  32|   0|   32|          0|
    |B_4_load_reg_2028        |  32|   0|   32|          0|
    |B_5_load_reg_2038        |  32|   0|   32|          0|
    |B_6_load_reg_1728        |  32|   0|   32|          0|
    |B_7_load_reg_1738        |  32|   0|   32|          0|
    |B_8_load_reg_2058        |  32|   0|   32|          0|
    |B_9_load_reg_2068        |  32|   0|   32|          0|
    |add_ln19_11_reg_2308     |  32|   0|   32|          0|
    |add_ln19_13_reg_2343     |  32|   0|   32|          0|
    |add_ln19_16_reg_2313     |  32|   0|   32|          0|
    |add_ln19_19_reg_2318     |  32|   0|   32|          0|
    |add_ln19_22_reg_2323     |  32|   0|   32|          0|
    |add_ln19_23_reg_2328     |  32|   0|   32|          0|
    |add_ln19_27_reg_2333     |  32|   0|   32|          0|
    |add_ln19_29_reg_2348     |  32|   0|   32|          0|
    |add_ln19_4_reg_2303      |  32|   0|   32|          0|
    |add_ln19_6_reg_2338      |  32|   0|   32|          0|
    |ap_CS_fsm                |   3|   0|    3|          0|
    |ap_enable_reg_pp0_iter0  |   1|   0|    1|          0|
    |ap_enable_reg_pp0_iter1  |   1|   0|    1|          0|
    |ap_enable_reg_pp0_iter2  |   1|   0|    1|          0|
    |ap_enable_reg_pp0_iter3  |   1|   0|    1|          0|
    |ap_enable_reg_pp0_iter4  |   1|   0|    1|          0|
    |ap_enable_reg_pp0_iter5  |   1|   0|    1|          0|
    |i_0_reg_1032             |   6|   0|    6|          0|
    |icmp_ln12_reg_1438       |   1|   0|    1|          0|
    |indvar_flatten_reg_1021  |  11|   0|   11|          0|
    |j_0_reg_1043             |   6|   0|    6|          0|
    |mul_ln19_10_reg_2263     |  32|   0|   32|          0|
    |mul_ln19_11_reg_2268     |  32|   0|   32|          0|
    |mul_ln19_12_reg_2273     |  32|   0|   32|          0|
    |mul_ln19_13_reg_2278     |  32|   0|   32|          0|
    |mul_ln19_14_reg_2113     |  32|   0|   32|          0|
    |mul_ln19_15_reg_2118     |  32|   0|   32|          0|
    |mul_ln19_16_reg_2283     |  32|   0|   32|          0|
    |mul_ln19_17_reg_2288     |  32|   0|   32|          0|
    |mul_ln19_18_reg_2143     |  32|   0|   32|          0|
    |mul_ln19_19_reg_2148     |  32|   0|   32|          0|
    |mul_ln19_1_reg_2228      |  32|   0|   32|          0|
    |mul_ln19_20_reg_2293     |  32|   0|   32|          0|
    |mul_ln19_21_reg_2298     |  32|   0|   32|          0|
    |mul_ln19_22_reg_2173     |  32|   0|   32|          0|
    |mul_ln19_23_reg_2178     |  32|   0|   32|          0|
    |mul_ln19_24_reg_2183     |  32|   0|   32|          0|
    |mul_ln19_25_reg_2188     |  32|   0|   32|          0|
    |mul_ln19_26_reg_2193     |  32|   0|   32|          0|
    |mul_ln19_27_reg_2198     |  32|   0|   32|          0|
    |mul_ln19_28_reg_2203     |  32|   0|   32|          0|
    |mul_ln19_29_reg_2208     |  32|   0|   32|          0|
    |mul_ln19_2_reg_2233      |  32|   0|   32|          0|
    |mul_ln19_30_reg_2213     |  32|   0|   32|          0|
    |mul_ln19_31_reg_2218     |  32|   0|   32|          0|
    |mul_ln19_3_reg_2238      |  32|   0|   32|          0|
    |mul_ln19_4_reg_2243      |  32|   0|   32|          0|
    |mul_ln19_5_reg_2248      |  32|   0|   32|          0|
    |mul_ln19_6_reg_2043      |  32|   0|   32|          0|
    |mul_ln19_7_reg_2048      |  32|   0|   32|          0|
    |mul_ln19_8_reg_2253      |  32|   0|   32|          0|
    |mul_ln19_9_reg_2258      |  32|   0|   32|          0|
    |mul_ln19_reg_2223        |  32|   0|   32|          0|
    |select_ln19_1_reg_1452   |   6|   0|    6|          0|
    |select_ln19_reg_1447     |   6|   0|    6|          0|
    |zext_ln19_1_reg_1478     |   6|   0|   64|         58|
    |zext_ln19_reg_1458       |   6|   0|   64|         58|
    |icmp_ln12_reg_1438       |  64|  32|    1|          0|
    |select_ln19_1_reg_1452   |  64|  32|    6|          0|
    |select_ln19_reg_1447     |  64|  32|    6|          0|
    +-------------------------+----+----+-----+-----------+
    |Total                    |3641|  96| 3578|        116|
    +-------------------------+----+----+-----+-----------+



================================================================
== Interface
================================================================
* Summary: 
+---------------+-----+-----+------------+--------------+--------------+
|   RTL Ports   | Dir | Bits|  Protocol  | Source Object|    C Type    |
+---------------+-----+-----+------------+--------------+--------------+
|ap_clk         |  in |    1| ap_ctrl_hs |   matrixmul  | return value |
|ap_rst         |  in |    1| ap_ctrl_hs |   matrixmul  | return value |
|ap_start       |  in |    1| ap_ctrl_hs |   matrixmul  | return value |
|ap_done        | out |    1| ap_ctrl_hs |   matrixmul  | return value |
|ap_idle        | out |    1| ap_ctrl_hs |   matrixmul  | return value |
|ap_ready       | out |    1| ap_ctrl_hs |   matrixmul  | return value |
|A_0_address0   | out |    5|  ap_memory |      A_0     |     array    |
|A_0_ce0        | out |    1|  ap_memory |      A_0     |     array    |
|A_0_q0         |  in |   32|  ap_memory |      A_0     |     array    |
|A_1_address0   | out |    5|  ap_memory |      A_1     |     array    |
|A_1_ce0        | out |    1|  ap_memory |      A_1     |     array    |
|A_1_q0         |  in |   32|  ap_memory |      A_1     |     array    |
|A_2_address0   | out |    5|  ap_memory |      A_2     |     array    |
|A_2_ce0        | out |    1|  ap_memory |      A_2     |     array    |
|A_2_q0         |  in |   32|  ap_memory |      A_2     |     array    |
|A_3_address0   | out |    5|  ap_memory |      A_3     |     array    |
|A_3_ce0        | out |    1|  ap_memory |      A_3     |     array    |
|A_3_q0         |  in |   32|  ap_memory |      A_3     |     array    |
|A_4_address0   | out |    5|  ap_memory |      A_4     |     array    |
|A_4_ce0        | out |    1|  ap_memory |      A_4     |     array    |
|A_4_q0         |  in |   32|  ap_memory |      A_4     |     array    |
|A_5_address0   | out |    5|  ap_memory |      A_5     |     array    |
|A_5_ce0        | out |    1|  ap_memory |      A_5     |     array    |
|A_5_q0         |  in |   32|  ap_memory |      A_5     |     array    |
|A_6_address0   | out |    5|  ap_memory |      A_6     |     array    |
|A_6_ce0        | out |    1|  ap_memory |      A_6     |     array    |
|A_6_q0         |  in |   32|  ap_memory |      A_6     |     array    |
|A_7_address0   | out |    5|  ap_memory |      A_7     |     array    |
|A_7_ce0        | out |    1|  ap_memory |      A_7     |     array    |
|A_7_q0         |  in |   32|  ap_memory |      A_7     |     array    |
|A_8_address0   | out |    5|  ap_memory |      A_8     |     array    |
|A_8_ce0        | out |    1|  ap_memory |      A_8     |     array    |
|A_8_q0         |  in |   32|  ap_memory |      A_8     |     array    |
|A_9_address0   | out |    5|  ap_memory |      A_9     |     array    |
|A_9_ce0        | out |    1|  ap_memory |      A_9     |     array    |
|A_9_q0         |  in |   32|  ap_memory |      A_9     |     array    |
|A_10_address0  | out |    5|  ap_memory |     A_10     |     array    |
|A_10_ce0       | out |    1|  ap_memory |     A_10     |     array    |
|A_10_q0        |  in |   32|  ap_memory |     A_10     |     array    |
|A_11_address0  | out |    5|  ap_memory |     A_11     |     array    |
|A_11_ce0       | out |    1|  ap_memory |     A_11     |     array    |
|A_11_q0        |  in |   32|  ap_memory |     A_11     |     array    |
|A_12_address0  | out |    5|  ap_memory |     A_12     |     array    |
|A_12_ce0       | out |    1|  ap_memory |     A_12     |     array    |
|A_12_q0        |  in |   32|  ap_memory |     A_12     |     array    |
|A_13_address0  | out |    5|  ap_memory |     A_13     |     array    |
|A_13_ce0       | out |    1|  ap_memory |     A_13     |     array    |
|A_13_q0        |  in |   32|  ap_memory |     A_13     |     array    |
|A_14_address0  | out |    5|  ap_memory |     A_14     |     array    |
|A_14_ce0       | out |    1|  ap_memory |     A_14     |     array    |
|A_14_q0        |  in |   32|  ap_memory |     A_14     |     array    |
|A_15_address0  | out |    5|  ap_memory |     A_15     |     array    |
|A_15_ce0       | out |    1|  ap_memory |     A_15     |     array    |
|A_15_q0        |  in |   32|  ap_memory |     A_15     |     array    |
|A_16_address0  | out |    5|  ap_memory |     A_16     |     array    |
|A_16_ce0       | out |    1|  ap_memory |     A_16     |     array    |
|A_16_q0        |  in |   32|  ap_memory |     A_16     |     array    |
|A_17_address0  | out |    5|  ap_memory |     A_17     |     array    |
|A_17_ce0       | out |    1|  ap_memory |     A_17     |     array    |
|A_17_q0        |  in |   32|  ap_memory |     A_17     |     array    |
|A_18_address0  | out |    5|  ap_memory |     A_18     |     array    |
|A_18_ce0       | out |    1|  ap_memory |     A_18     |     array    |
|A_18_q0        |  in |   32|  ap_memory |     A_18     |     array    |
|A_19_address0  | out |    5|  ap_memory |     A_19     |     array    |
|A_19_ce0       | out |    1|  ap_memory |     A_19     |     array    |
|A_19_q0        |  in |   32|  ap_memory |     A_19     |     array    |
|A_20_address0  | out |    5|  ap_memory |     A_20     |     array    |
|A_20_ce0       | out |    1|  ap_memory |     A_20     |     array    |
|A_20_q0        |  in |   32|  ap_memory |     A_20     |     array    |
|A_21_address0  | out |    5|  ap_memory |     A_21     |     array    |
|A_21_ce0       | out |    1|  ap_memory |     A_21     |     array    |
|A_21_q0        |  in |   32|  ap_memory |     A_21     |     array    |
|A_22_address0  | out |    5|  ap_memory |     A_22     |     array    |
|A_22_ce0       | out |    1|  ap_memory |     A_22     |     array    |
|A_22_q0        |  in |   32|  ap_memory |     A_22     |     array    |
|A_23_address0  | out |    5|  ap_memory |     A_23     |     array    |
|A_23_ce0       | out |    1|  ap_memory |     A_23     |     array    |
|A_23_q0        |  in |   32|  ap_memory |     A_23     |     array    |
|A_24_address0  | out |    5|  ap_memory |     A_24     |     array    |
|A_24_ce0       | out |    1|  ap_memory |     A_24     |     array    |
|A_24_q0        |  in |   32|  ap_memory |     A_24     |     array    |
|A_25_address0  | out |    5|  ap_memory |     A_25     |     array    |
|A_25_ce0       | out |    1|  ap_memory |     A_25     |     array    |
|A_25_q0        |  in |   32|  ap_memory |     A_25     |     array    |
|A_26_address0  | out |    5|  ap_memory |     A_26     |     array    |
|A_26_ce0       | out |    1|  ap_memory |     A_26     |     array    |
|A_26_q0        |  in |   32|  ap_memory |     A_26     |     array    |
|A_27_address0  | out |    5|  ap_memory |     A_27     |     array    |
|A_27_ce0       | out |    1|  ap_memory |     A_27     |     array    |
|A_27_q0        |  in |   32|  ap_memory |     A_27     |     array    |
|A_28_address0  | out |    5|  ap_memory |     A_28     |     array    |
|A_28_ce0       | out |    1|  ap_memory |     A_28     |     array    |
|A_28_q0        |  in |   32|  ap_memory |     A_28     |     array    |
|A_29_address0  | out |    5|  ap_memory |     A_29     |     array    |
|A_29_ce0       | out |    1|  ap_memory |     A_29     |     array    |
|A_29_q0        |  in |   32|  ap_memory |     A_29     |     array    |
|A_30_address0  | out |    5|  ap_memory |     A_30     |     array    |
|A_30_ce0       | out |    1|  ap_memory |     A_30     |     array    |
|A_30_q0        |  in |   32|  ap_memory |     A_30     |     array    |
|A_31_address0  | out |    5|  ap_memory |     A_31     |     array    |
|A_31_ce0       | out |    1|  ap_memory |     A_31     |     array    |
|A_31_q0        |  in |   32|  ap_memory |     A_31     |     array    |
|B_0_address0   | out |    5|  ap_memory |      B_0     |     array    |
|B_0_ce0        | out |    1|  ap_memory |      B_0     |     array    |
|B_0_q0         |  in |   32|  ap_memory |      B_0     |     array    |
|B_1_address0   | out |    5|  ap_memory |      B_1     |     array    |
|B_1_ce0        | out |    1|  ap_memory |      B_1     |     array    |
|B_1_q0         |  in |   32|  ap_memory |      B_1     |     array    |
|B_2_address0   | out |    5|  ap_memory |      B_2     |     array    |
|B_2_ce0        | out |    1|  ap_memory |      B_2     |     array    |
|B_2_q0         |  in |   32|  ap_memory |      B_2     |     array    |
|B_3_address0   | out |    5|  ap_memory |      B_3     |     array    |
|B_3_ce0        | out |    1|  ap_memory |      B_3     |     array    |
|B_3_q0         |  in |   32|  ap_memory |      B_3     |     array    |
|B_4_address0   | out |    5|  ap_memory |      B_4     |     array    |
|B_4_ce0        | out |    1|  ap_memory |      B_4     |     array    |
|B_4_q0         |  in |   32|  ap_memory |      B_4     |     array    |
|B_5_address0   | out |    5|  ap_memory |      B_5     |     array    |
|B_5_ce0        | out |    1|  ap_memory |      B_5     |     array    |
|B_5_q0         |  in |   32|  ap_memory |      B_5     |     array    |
|B_6_address0   | out |    5|  ap_memory |      B_6     |     array    |
|B_6_ce0        | out |    1|  ap_memory |      B_6     |     array    |
|B_6_q0         |  in |   32|  ap_memory |      B_6     |     array    |
|B_7_address0   | out |    5|  ap_memory |      B_7     |     array    |
|B_7_ce0        | out |    1|  ap_memory |      B_7     |     array    |
|B_7_q0         |  in |   32|  ap_memory |      B_7     |     array    |
|B_8_address0   | out |    5|  ap_memory |      B_8     |     array    |
|B_8_ce0        | out |    1|  ap_memory |      B_8     |     array    |
|B_8_q0         |  in |   32|  ap_memory |      B_8     |     array    |
|B_9_address0   | out |    5|  ap_memory |      B_9     |     array    |
|B_9_ce0        | out |    1|  ap_memory |      B_9     |     array    |
|B_9_q0         |  in |   32|  ap_memory |      B_9     |     array    |
|B_10_address0  | out |    5|  ap_memory |     B_10     |     array    |
|B_10_ce0       | out |    1|  ap_memory |     B_10     |     array    |
|B_10_q0        |  in |   32|  ap_memory |     B_10     |     array    |
|B_11_address0  | out |    5|  ap_memory |     B_11     |     array    |
|B_11_ce0       | out |    1|  ap_memory |     B_11     |     array    |
|B_11_q0        |  in |   32|  ap_memory |     B_11     |     array    |
|B_12_address0  | out |    5|  ap_memory |     B_12     |     array    |
|B_12_ce0       | out |    1|  ap_memory |     B_12     |     array    |
|B_12_q0        |  in |   32|  ap_memory |     B_12     |     array    |
|B_13_address0  | out |    5|  ap_memory |     B_13     |     array    |
|B_13_ce0       | out |    1|  ap_memory |     B_13     |     array    |
|B_13_q0        |  in |   32|  ap_memory |     B_13     |     array    |
|B_14_address0  | out |    5|  ap_memory |     B_14     |     array    |
|B_14_ce0       | out |    1|  ap_memory |     B_14     |     array    |
|B_14_q0        |  in |   32|  ap_memory |     B_14     |     array    |
|B_15_address0  | out |    5|  ap_memory |     B_15     |     array    |
|B_15_ce0       | out |    1|  ap_memory |     B_15     |     array    |
|B_15_q0        |  in |   32|  ap_memory |     B_15     |     array    |
|B_16_address0  | out |    5|  ap_memory |     B_16     |     array    |
|B_16_ce0       | out |    1|  ap_memory |     B_16     |     array    |
|B_16_q0        |  in |   32|  ap_memory |     B_16     |     array    |
|B_17_address0  | out |    5|  ap_memory |     B_17     |     array    |
|B_17_ce0       | out |    1|  ap_memory |     B_17     |     array    |
|B_17_q0        |  in |   32|  ap_memory |     B_17     |     array    |
|B_18_address0  | out |    5|  ap_memory |     B_18     |     array    |
|B_18_ce0       | out |    1|  ap_memory |     B_18     |     array    |
|B_18_q0        |  in |   32|  ap_memory |     B_18     |     array    |
|B_19_address0  | out |    5|  ap_memory |     B_19     |     array    |
|B_19_ce0       | out |    1|  ap_memory |     B_19     |     array    |
|B_19_q0        |  in |   32|  ap_memory |     B_19     |     array    |
|B_20_address0  | out |    5|  ap_memory |     B_20     |     array    |
|B_20_ce0       | out |    1|  ap_memory |     B_20     |     array    |
|B_20_q0        |  in |   32|  ap_memory |     B_20     |     array    |
|B_21_address0  | out |    5|  ap_memory |     B_21     |     array    |
|B_21_ce0       | out |    1|  ap_memory |     B_21     |     array    |
|B_21_q0        |  in |   32|  ap_memory |     B_21     |     array    |
|B_22_address0  | out |    5|  ap_memory |     B_22     |     array    |
|B_22_ce0       | out |    1|  ap_memory |     B_22     |     array    |
|B_22_q0        |  in |   32|  ap_memory |     B_22     |     array    |
|B_23_address0  | out |    5|  ap_memory |     B_23     |     array    |
|B_23_ce0       | out |    1|  ap_memory |     B_23     |     array    |
|B_23_q0        |  in |   32|  ap_memory |     B_23     |     array    |
|B_24_address0  | out |    5|  ap_memory |     B_24     |     array    |
|B_24_ce0       | out |    1|  ap_memory |     B_24     |     array    |
|B_24_q0        |  in |   32|  ap_memory |     B_24     |     array    |
|B_25_address0  | out |    5|  ap_memory |     B_25     |     array    |
|B_25_ce0       | out |    1|  ap_memory |     B_25     |     array    |
|B_25_q0        |  in |   32|  ap_memory |     B_25     |     array    |
|B_26_address0  | out |    5|  ap_memory |     B_26     |     array    |
|B_26_ce0       | out |    1|  ap_memory |     B_26     |     array    |
|B_26_q0        |  in |   32|  ap_memory |     B_26     |     array    |
|B_27_address0  | out |    5|  ap_memory |     B_27     |     array    |
|B_27_ce0       | out |    1|  ap_memory |     B_27     |     array    |
|B_27_q0        |  in |   32|  ap_memory |     B_27     |     array    |
|B_28_address0  | out |    5|  ap_memory |     B_28     |     array    |
|B_28_ce0       | out |    1|  ap_memory |     B_28     |     array    |
|B_28_q0        |  in |   32|  ap_memory |     B_28     |     array    |
|B_29_address0  | out |    5|  ap_memory |     B_29     |     array    |
|B_29_ce0       | out |    1|  ap_memory |     B_29     |     array    |
|B_29_q0        |  in |   32|  ap_memory |     B_29     |     array    |
|B_30_address0  | out |    5|  ap_memory |     B_30     |     array    |
|B_30_ce0       | out |    1|  ap_memory |     B_30     |     array    |
|B_30_q0        |  in |   32|  ap_memory |     B_30     |     array    |
|B_31_address0  | out |    5|  ap_memory |     B_31     |     array    |
|B_31_ce0       | out |    1|  ap_memory |     B_31     |     array    |
|B_31_q0        |  in |   32|  ap_memory |     B_31     |     array    |
|AB_address0    | out |   10|  ap_memory |      AB      |     array    |
|AB_ce0         | out |    1|  ap_memory |      AB      |     array    |
|AB_we0         | out |    1|  ap_memory |      AB      |     array    |
|AB_d0          | out |   32|  ap_memory |      AB      |     array    |
+---------------+-----+-----+------------+--------------+--------------+

